Turbo Assembler	 Version 4.1	    04/20/26 22:46:56	    Page 1
crackme.asm



      1	0000			     .model tiny
      2	0000			     .code
      3				     org 100h
      4
      5				     SAVE_REGS MACRO
      6					     PUSH AX
      7					     PUSH BX
      8					     PUSH CX
      9					     PUSH DX
     10					     PUSH SI
     11					     PUSH DI
     12					     PUSH BP
     13					     PUSH SP
     14					     PUSH ES
     15					     PUSH DS
     16					     PUSHF
     17				     ENDM
     18
     19				     RESTORE_REGS MACRO
     20					     POPF
     21					     POP DS
     22					     POP ES
     23					     POP SP
     24					     POP BP
     25					     POP DI
     26					     POP SI
     27					     POP DX
     28					     POP CX
     29					     POP BX
     30					     POP AX
     31				     ENDM
     32
     33	0100			     Start:
     34	0100  E8 015A			     CALL Print_Window
     35
     36	0103				     Try_Again:
     37	0103  B0 08				     MOV AL, 8
     38	0105  B4 07				     MOV AH, 7
     39	0107  BE 4316r				     MOV SI, offset Password_Buffer
     40	010A  E8 008B				     CALL Input_Password
     41	010D  72 F4				     JC	Try_Again				     ; if CF = 1
     42
     43	010F  E8 0008			     CALL Print_Answer
     44
     45	0112  E8 02B0			     CALL Restore_Screen
     46
     47	0115  B8 4C00			     MOV AX, 4C00h	     ; finish
     48	0118  CD 21			     INT 21h
     49
     50
     51
     52
     53				     ;--------------------------------------------------------------------
     54				     ; Print_Answer - displays the result of password processing (success
     55				     ;				      or incorrect password)
     56				     ;
     57				     ; Input:	     none
Turbo Assembler	 Version 4.1	    04/20/26 22:46:56	    Page 2
crackme.asm



     58				     ;
     59				     ; Output:	     none
     60				     ;--------------------------------------------------------------------
     61
     62	011A			     Print_Answer:
     63
     64					     SAVE_REGS
1    65	011A  50			     PUSH AX
1    66	011B  53			     PUSH BX
1    67	011C  51			     PUSH CX
1    68	011D  52			     PUSH DX
1    69	011E  56			     PUSH SI
1    70	011F  57			     PUSH DI
1    71	0120  55			     PUSH BP
1    72	0121  54			     PUSH SP
1    73	0122  06			     PUSH ES
1    74	0123  1E			     PUSH DS
1    75	0124  9C			     PUSHF
     76
     77	0125  B4 07			     MOV AH, 7
     78	0127  B0 07			     MOV AL, 7
     79	0129  B9 0042			     MOV CX, 66
     80	012C  BB 7020			     MOV BX, 7020h
     81	012F  E8 0272			     CALL Print_Line
     82
     83	0132  04 01			     ADD AL, 1
     84	0134  E8 026D			     CALL Print_Line
     85
     86
     87	0137  BE 4316r			 MOV SI, OFFSET	Password_Buffer
     88	013A  BF 429Ar			 MOV DI, OFFSET	Correct_Password
     89	013D  B9 0009 90		 MOV CX, Len_Correct
     90	0141  8B 16 4358r		     MOV DX, Len_Input
     91
     92	0145  3B CA			     CMP CX, DX
     93	0147  75 23			     JNE Incorrect_Password
     94
     95	0149  FC			     CLD
     96	014A  F3> A6			     REPE CMPSB						     ; DS:[SI] and ES:[DI], SI++ and+
     97				     DI++
     98	014C  74 03			 JE Correct_Password_User
     99	014E  EB 1C 90			     JMP Incorrect_Password
    100
    101	0151				     Correct_Password_User:
    102
    103	0151  B9 000E 90			     MOV CX, Len_Text_4
    104	0155  BE 42FBr				     MOV SI, offset Text_4
    105	0158  E8 00E0				     CALL Record_String
    106
    107	015B  80 C4 0E 90			     ADD AH, Len_Text_4
    108	015F  FE C4				     INC AH
    109	0161  E8 0298				     CALL Calculate_Offset
    110	0164  26: C7 05	7256			     MOV ES:[DI], 7256h
    111	0169  EB 19 90				     JMP Expectation_2
    112
    113
    114	016C				     Incorrect_Password:
Turbo Assembler	 Version 4.1	    04/20/26 22:46:56	    Page 3
crackme.asm



    115
    116	016C  B9 000D 90			     MOV CX, Len_Text_5
    117	0170  BE 4309r				     MOV SI, offset Text_5
    118	0173  E8 00C5				     CALL Record_String
    119
    120	0176  80 C4 0D 90			     ADD AH, Len_Text_5
    121	017A  FE C4				     INC AH
    122	017C  E8 027D				     CALL Calculate_Offset
    123	017F  26: C7 05	7458			     MOV ES:[DI], 7458h
    124
    125	0184				     Expectation_2:
    126	0184  B4 08				     MOV AH, 08h			     ; function	take one click
    127	0186  CD 21				     INT 21h				     ;
    128	0188  3C 0D				     CMP AL, 13				     ; comparison with "Enter"
    129	018A  75 F8				     JNE Expectation_2		     ;
    130
    131					     RESTORE_REGS
1   132	018C  9D			     POPF
1   133	018D  1F			     POP DS
1   134	018E  07			     POP ES
1   135	018F  5C			     POP SP
1   136	0190  5D			     POP BP
1   137	0191  5F			     POP DI
1   138	0192  5E			     POP SI
1   139	0193  5A			     POP DX
1   140	0194  59			     POP CX
1   141	0195  5B			     POP BX
1   142	0196  58			     POP AX
    143
    144	0197  C3			     RET
    145
    146
    147
    148
    149				     ;--------------------------------------------------------------------
    150				     ; Input_Password -	displaying the password	on the screen
    151				     ;
    152				     ; Input:	     AL	= line (0-24)
    153				     ;			     AH	= column (0-79)
    154				     ;			     DS:[SI] = address begin buffer for	pasword	in memory
    155				     ;
    156				     ; Output:	     CF	= 0 - success
    157				     ;			     CF	= 1 - try again
    158				     ;--------------------------------------------------------------------
    159
    160	0198			     Input_Password:
    161
    162					     SAVE_REGS
1   163	0198  50			     PUSH AX
1   164	0199  53			     PUSH BX
1   165	019A  51			     PUSH CX
1   166	019B  52			     PUSH DX
1   167	019C  56			     PUSH SI
1   168	019D  57			     PUSH DI
1   169	019E  55			     PUSH BP
1   170	019F  54			     PUSH SP
1   171	01A0  06			     PUSH ES
Turbo Assembler	 Version 4.1	    04/20/26 22:46:56	    Page 4
crackme.asm



1   172	01A1  1E			     PUSH DS
1   173	01A2  9C			     PUSHF
    174
    175	01A3  E8 0256			     CALL Calculate_Offset	; ES:[DI] position for input
    176
    177	01A6  33 ED			 XOR BP, BP		    ; counter
    178	01A8  BB 0042			 MOV BX, 66		    ; max len
    179
    180	01AB				     Process_Symbol:
    181
    182	01AB  3B EB				     CMP BP, BX			     ; if max len
    183	01AD  74 05				     JE	Not_Print_Pointer
    184
    185	01AF  26: C7 05	B05F			     MOV ES:[DI], 0B05Fh
    186
    187	01B4					     Not_Print_Pointer:
    188
    189	01B4  B4 00				     MOV AH, 00h
    190	01B6  CD 16				     INT 16h			     ; AL = symbol, AH = key scan code
    191
    192	01B8  3C 0D				     CMP AL, 0Dh		     ; if enter
    193	01BA  74 6E				     JE	Finish_Input_Password
    194
    195	01BC  3C 08				     CMP AL, 08h		     ; if delete
    196	01BE  74 0D				     JE	Delete
    197
    198	01C0  3B EB				     CMP BP, BX			     ; if max len
    199	01C2  74 1C				     JE	Error_Len
    200
    201	01C4  3E: 88 02				     MOV BYTE PTR DS:[SI + BP],	AL
    202						     ; MOV DS:[SI], AL				     ; saved symbol in buffer
    203	01C7  45				     INC BP
    204
    205	01C8  B4 30				     MOV AH, 30h
    206	01CA  AB				     STOSW					     ; ES:[DI] = AX, DI	+= 2
    207	01CB  EB DE				     JMP Process_Symbol
    208
    209	01CD					     Delete:
    210
    211	01CD  83 FD 00					     CMP BP, 0
    212	01D0  74 D9					     JE	Process_Symbol
    213
    214	01D2  4D					     DEC BP
    215
    216	01D3  83 EF 02					     SUB DI, 2
    217	01D6  B8 3020					     MOV AX, 3020h
    218	01D9  AB					     STOSW				     ; ES:[DI] = AX, DI	+= 2
    219	01DA  AB					     STOSW
    220
    221	01DB  83 EF 04					     SUB DI, 4
    222
    223	01DE  EB CB					     JMP Process_Symbol
    224
    225	01E0				     Error_Len:
    226
    227	01E0  B4 07				     MOV AH, 7
    228	01E2  B0 07				     MOV AL, 7
Turbo Assembler	 Version 4.1	    04/20/26 22:46:56	    Page 5
crackme.asm



    229	01E4  B9 0042				     MOV CX, 66
    230	01E7  BB 7020				     MOV BX, 7020h
    231	01EA  E8 01B7				     CALL Print_Line
    232
    233	01ED  04 01				     ADD AL, 1
    234	01EF  E8 01B2				     CALL Print_Line
    235
    236	01F2  B9 0034 90			     MOV CX, Len_Text_3
    237	01F6  BE 42C7r				     MOV SI, offset Text_3
    238	01F9  E8 003F				     CALL Record_String
    239
    240	01FC					     Expectation_1:
    241	01FC  B4 08					     MOV AH, 08h			     ; function	take one click
    242	01FE  CD 21					     INT 21h				     ;
    243	0200  3C 0D					     CMP AL, 13				     ; comparison with "Enter"
    244	0202  75 F8					     JNE Expectation_1		     ;
    245
    246
    247	0204  B4 07				     MOV AH, 7
    248	0206  B0 07				     MOV AL, 7
    249	0208  B9 0016 90			     MOV CX, Len_Text_2
    250	020C  BE 42B1r				     MOV SI, offset Text_2
    251	020F  E8 0029				     CALL Record_String
    252
    253	0212  04 01				     ADD AL, 1
    254	0214  B9 0042				     MOV CX, 66
    255	0217  BB 3020				     MOV BX, 3020h
    256	021A  E8 0187				     CALL Print_Line
    257
    258						     RESTORE_REGS
1   259	021D  9D			     POPF
1   260	021E  1F			     POP DS
1   261	021F  07			     POP ES
1   262	0220  5C			     POP SP
1   263	0221  5D			     POP BP
1   264	0222  5F			     POP DI
1   265	0223  5E			     POP SI
1   266	0224  5A			     POP DX
1   267	0225  59			     POP CX
1   268	0226  5B			     POP BX
1   269	0227  58			     POP AX
    270
    271	0228  F9				     STC
    272
    273	0229  C3				     RET
    274
    275	022A				     Finish_Input_Password:
    276
    277	022A  89 2E 4358r			     MOV Len_Input, BP
    278
    279						     RESTORE_REGS
1   280	022E  9D			     POPF
1   281	022F  1F			     POP DS
1   282	0230  07			     POP ES
1   283	0231  5C			     POP SP
1   284	0232  5D			     POP BP
1   285	0233  5F			     POP DI
Turbo Assembler	 Version 4.1	    04/20/26 22:46:56	    Page 6
crackme.asm



1   286	0234  5E			     POP SI
1   287	0235  5A			     POP DX
1   288	0236  59			     POP CX
1   289	0237  5B			     POP BX
1   290	0238  58			     POP AX
    291
    292	0239  F8				     CLC
    293
    294	023A  C3				     RET
    295
    296
    297
    298
    299				     ;--------------------------------------------------------------------
    300				     ; Record_String - prints string to	the screen
    301				     ;
    302				     ; Input:	AL = line (0-24)
    303				     ;		AH = column (0-79)
    304				     ;		CX = lenght string
    305				     ;			SI = address begin string in memory
    306				     ;
    307				     ; Output:	none
    308				     ;--------------------------------------------------------------------
    309
    310	023B			     Record_String:
    311
    312	023B  E3 1F			     JCXZ Finish_Record_String
    313
    314					     SAVE_REGS
1   315	023D  50			     PUSH AX
1   316	023E  53			     PUSH BX
1   317	023F  51			     PUSH CX
1   318	0240  52			     PUSH DX
1   319	0241  56			     PUSH SI
1   320	0242  57			     PUSH DI
1   321	0243  55			     PUSH BP
1   322	0244  54			     PUSH SP
1   323	0245  06			     PUSH ES
1   324	0246  1E			     PUSH DS
1   325	0247  9C			     PUSHF
    326
    327	0248  E8 01B1			     CALL Calculate_Offset
    328
    329	024B				     Passage_Symbol:
    330
    331	024B  AC				     LODSB				     ; AL = DS:[SI], SI++
    332
    333	024C  B4 70				     MOV AH, 70h
    334
    335	024E  AB				     STOSW		     ; ES:[DI] = AX, DI	+= 2
    336
    337	024F  E2 FA				     LOOP Passage_Symbol
    338
    339
    340					     RESTORE_REGS
1   341	0251  9D			     POPF
1   342	0252  1F			     POP DS
Turbo Assembler	 Version 4.1	    04/20/26 22:46:56	    Page 7
crackme.asm



1   343	0253  07			     POP ES
1   344	0254  5C			     POP SP
1   345	0255  5D			     POP BP
1   346	0256  5F			     POP DI
1   347	0257  5E			     POP SI
1   348	0258  5A			     POP DX
1   349	0259  59			     POP CX
1   350	025A  5B			     POP BX
1   351	025B  58			     POP AX
    352
    353	025C				     Finish_Record_String:
    354
    355	025C  C3			     RET
    356
    357
    358
    359
    360				     ;--------------------------------------------------------------------
    361				     ; Print_Window - draws a filled turquoise rectangle with a	white
    362				     ;		      double border and	two compartments
    363				     ;
    364				     ; Input:	none
    365				     ;
    366				     ; Output:	none
    367				     ;--------------------------------------------------------------------
    368
    369	025D			     Print_Window:
    370
    371					     SAVE_REGS
1   372	025D  50			     PUSH AX
1   373	025E  53			     PUSH BX
1   374	025F  51			     PUSH CX
1   375	0260  52			     PUSH DX
1   376	0261  56			     PUSH SI
1   377	0262  57			     PUSH DI
1   378	0263  55			     PUSH BP
1   379	0264  54			     PUSH SP
1   380	0265  06			     PUSH ES
1   381	0266  1E			     PUSH DS
1   382	0267  9C			     PUSHF
    383
    384	0268  BB 7020			     MOV BX, 7020h	     ; BX = attribute +	symbol (white on light blue space)
    385
    386	026B  B0 05			     MOV AL, 5				     ; number line
    387	026D  BA 0006			 MOV DX, 6			     ; vertical	length
    388
    389	0270  B9 004A			     MOV CX, 74				     ; horizontal lenght
    390	0273  B4 03			 MOV AH, 3		     ;
    391
    392	0275  E8 0041			 CALL Print_Rectangle
    393
    394
    395	0278  04 01			     ADD AL, 1
    396	027A  80 C4 02			     ADD AH, 2
    397	027D  83 E9 04			     SUB CX, 4
    398	0280  83 EA 02			     SUB DX, 2
    399	0283  E8 0087			     CALL Print_Frame
Turbo Assembler	 Version 4.1	    04/20/26 22:46:56	    Page 8
crackme.asm



    400
    401	0286  80 C4 1C			     ADD AH, 28
    402	0289  B9 000E 90		     MOV CX, Len_Text_1
    403	028D  BE 42A3r			     MOV SI, offset Text_1
    404	0290  E8 FFA8			     CALL Record_String
    405
    406	0293  80 EC 1A			     SUB AH, 26
    407	0296  04 01			     ADD AL, 1
    408	0298  B9 0016 90		     MOV CX, Len_Text_2
    409	029C  BE 42B1r			     MOV SI, offset Text_2
    410	029F  E8 FF99			     CALL Record_String
    411
    412	02A2  04 01			     ADD AL, 1
    413	02A4  B9 0042			     MOV CX, 66
    414	02A7  BB 3020			     MOV BX, 3020h
    415	02AA  E8 00F7			     CALL Print_Line
    416
    417					     RESTORE_REGS
1   418	02AD  9D			     POPF
1   419	02AE  1F			     POP DS
1   420	02AF  07			     POP ES
1   421	02B0  5C			     POP SP
1   422	02B1  5D			     POP BP
1   423	02B2  5F			     POP DI
1   424	02B3  5E			     POP SI
1   425	02B4  5A			     POP DX
1   426	02B5  59			     POP CX
1   427	02B6  5B			     POP BX
1   428	02B7  58			     POP AX
    429
    430	02B8  C3			     RET
    431
    432
    433
    434
    435
    436
    437
    438
    439
    440
    441
    442
    443				     ;--------------------------------------------------------------------
    444				     ; Print_Rectangle - draws a rectangle of symbol, saves old	values ​​and
    445				     ;					     offsets cells in Array_Values and Array_Offsets
    446				     ;
    447				     ; Input:	AL = line (0-24)
    448				     ;		AH = column (0-79)
    449				     ;		BX = word (BH =	attribute, BL =	symbol)
    450				     ;		CX = horizontal	length (from 0 to 80-AL)
    451				     ;		DX = vertical length (from 0 to	25-AH)
    452				     ;
    453				     ; Output:	none
    454				     ;--------------------------------------------------------------------
    455
    456	02B9			     Print_Rectangle:
Turbo Assembler	 Version 4.1	    04/20/26 22:46:56	    Page 9
crackme.asm



    457
    458	02B9  E3 51			     JCXZ Finish_Print_Rectangle
    459
    460	02BB  83 FA 00			     CMP DX, 0
    461	02BE  74 4C			     JE	Finish_Print_Rectangle
    462
    463					     SAVE_REGS
1   464	02C0  50			     PUSH AX
1   465	02C1  53			     PUSH BX
1   466	02C2  51			     PUSH CX
1   467	02C3  52			     PUSH DX
1   468	02C4  56			     PUSH SI
1   469	02C5  57			     PUSH DI
1   470	02C6  55			     PUSH BP
1   471	02C7  54			     PUSH SP
1   472	02C8  06			     PUSH ES
1   473	02C9  1E			     PUSH DS
1   474	02CA  9C			     PUSHF
    475
    476	02CB  E8 012E			     CALL Calculate_Offset
    477	02CE  8B C3			     MOV AX, BX				     ; AX = attribute +	symbol
    478
    479	02D0				     Repeat_New_Line:
    480
    481	02D0  51				     PUSH CX
    482
    483	02D1					     Saved_Record_Symbol_Line:
    484
    485	02D1  2E: 8B 36	4298r				     MOV SI, CS:Saved_Counter
    486	02D6  D1 E6					     SHL SI, 1
    487
    488	02D8  2E: 89 BC	0418r				     MOV CS:Array_Offsets[SI], DI
    489
    490	02DD  26: 8B 1D					     MOV BX, ES:[DI]
    491	02E0  2E: 89 9C	2358r				     MOV CS:Array_Values[SI], BX
    492
    493	02E5  2E: FF 06	4298r				     INC CS:Saved_Counter
    494
    495	02EA  26: 89 05					     MOV ES:[DI], AX
    496	02ED  83 C7 02					     ADD DI, 2
    497
    498	02F0  E2 DF					     LOOP Saved_Record_Symbol_Line
    499
    500	02F2  59				     POP CX
    501
    502	02F3  81 C7 00A0			     ADD DI, 160		     ; new line
    503
    504	02F7  2B F9				     SUB DI, CX			     ;
    505	02F9  2B F9				     SUB DI, CX			     ; move start
    506
    507	02FB  4A				     DEC DX
    508	02FC  83 FA 00				     CMP DX, 0
    509	02FF  75 CF				     JNE Repeat_New_Line
    510
    511					     RESTORE_REGS
1   512	0301  9D			     POPF
1   513	0302  1F			     POP DS
Turbo Assembler	 Version 4.1	    04/20/26 22:46:56	    Page 10
crackme.asm



1   514	0303  07			     POP ES
1   515	0304  5C			     POP SP
1   516	0305  5D			     POP BP
1   517	0306  5F			     POP DI
1   518	0307  5E			     POP SI
1   519	0308  5A			     POP DX
1   520	0309  59			     POP CX
1   521	030A  5B			     POP BX
1   522	030B  58			     POP AX
    523
    524	030C				     Finish_Print_Rectangle:
    525
    526	030C  C3				     RET
    527
    528
    529
    530
    531
    532
    533
    534
    535
    536
    537
    538
    539				     ;--------------------------------------------------------------------
    540				     ; Print_Frame - draws a rectangular two-lane frame
    541				     ;
    542				     ; Input:	AL = line (0-24)
    543				     ;		AH = column (0-79)
    544				     ;		BH = attribute
    545				     ;		CX = horizontal	length (from 0 to 80-AL)
    546				     ;		DX = vertical length (from 0 to	25-AH)
    547				     ;
    548				     ; Output:	none
    549				     ;--------------------------------------------------------------------
    550
    551	030D			     Print_Frame:
    552
    553	030D  E3 6D			     JCXZ Finish_Print_Frame
    554
    555	030F  83 FA 00			     CMP DX, 0
    556	0312  74 68			     JE	Finish_Print_Frame
    557
    558					     SAVE_REGS
1   559	0314  50			     PUSH AX
1   560	0315  53			     PUSH BX
1   561	0316  51			     PUSH CX
1   562	0317  52			     PUSH DX
1   563	0318  56			     PUSH SI
1   564	0319  57			     PUSH DI
1   565	031A  55			     PUSH BP
1   566	031B  54			     PUSH SP
1   567	031C  06			     PUSH ES
1   568	031D  1E			     PUSH DS
1   569	031E  9C			     PUSHF
    570
Turbo Assembler	 Version 4.1	    04/20/26 22:46:56	    Page 11
crackme.asm



    571	031F  B3 CD			     MOV BL, 0CDh
    572	0321  E8 0080			     CALL Print_Line
    573
    574	0324  02 C2			     ADD AL, DL
    575	0326  2C 01			     SUB AL, 1
    576	0328  E8 0079			     CALL Print_Line
    577
    578	032B  B3 BA			     MOV BL, 0BAh
    579	032D  2A C2			     SUB AL, DL
    580	032F  04 01			     ADD AL, 1
    581	0331  87 CA			     XCHG CX, DX
    582	0333  E8 0047			     CALL Print_Column
    583
    584	0336  02 E2			     ADD AH, DL
    585	0338  80 EC 01			     SUB AH, 1
    586	033B  E8 003F			     CALL Print_Column
    587	033E  2A E2			     SUB AH, DL
    588	0340  80 C4 01			     ADD AH, 1
    589	0343  87 CA			     XCHG CX, DX
    590
    591	0345  E8 00B4			     CALL Calculate_Offset
    592	0348  B3 C9			     MOV BL, 0C9h
    593	034A  26: 89 1D			     MOV ES:[DI], BX
    594
    595	034D  03 F9			     ADD DI, CX
    596	034F  03 F9			     ADD DI, CX
    597	0351  83 EF 02			     SUB DI, 2
    598	0354  B3 BB			     MOV BL, 0BBh
    599	0356  26: 89 1D			     MOV ES:[DI], BX
    600
    601	0359  02 C2			     ADD AL, DL
    602	035B  FE C8			     DEC AL
    603	035D  E8 009C			     CALL Calculate_Offset
    604	0360  B3 C8			     MOV BL, 0C8h
    605	0362  26: 89 1D			     MOV ES:[DI], BX
    606
    607	0365  03 F9			     ADD DI, CX
    608	0367  03 F9			     ADD DI, CX
    609	0369  83 EF 02			     SUB DI, 2
    610	036C  B3 BC			     MOV BL, 0BCh
    611	036E  26: 89 1D			     MOV ES:[DI], BX
    612
    613					     RESTORE_REGS
1   614	0371  9D			     POPF
1   615	0372  1F			     POP DS
1   616	0373  07			     POP ES
1   617	0374  5C			     POP SP
1   618	0375  5D			     POP BP
1   619	0376  5F			     POP DI
1   620	0377  5E			     POP SI
1   621	0378  5A			     POP DX
1   622	0379  59			     POP CX
1   623	037A  5B			     POP BX
1   624	037B  58			     POP AX
    625
    626	037C				     Finish_Print_Frame:
    627
Turbo Assembler	 Version 4.1	    04/20/26 22:46:56	    Page 12
crackme.asm



    628	037C  C3				     RET
    629
    630
    631
    632
    633
    634
    635
    636
    637
    638
    639
    640
    641				     ;--------------------------------------------------------------------
    642				     ; Print_Column - draws a vertical column of symbol
    643				     ;
    644				     ; Input:	AL = line (0-24)
    645				     ;		AH = column (0-79)
    646				     ;		BX = word (BH =	attribute, BL =	symbol)
    647				     ;		CX = vertical length (from 0 to	25-AH)
    648				     ;
    649				     ; Output:	none
    650				     ;--------------------------------------------------------------------
    651
    652	037D			     Print_Column:
    653
    654	037D  E3 24			     JCXZ Finish_Print_Column
    655
    656					     SAVE_REGS
1   657	037F  50			     PUSH AX
1   658	0380  53			     PUSH BX
1   659	0381  51			     PUSH CX
1   660	0382  52			     PUSH DX
1   661	0383  56			     PUSH SI
1   662	0384  57			     PUSH DI
1   663	0385  55			     PUSH BP
1   664	0386  54			     PUSH SP
1   665	0387  06			     PUSH ES
1   666	0388  1E			     PUSH DS
1   667	0389  9C			     PUSHF
    668
    669	038A  E8 006F			     CALL Calculate_Offset
    670	038D  8B C3			     MOV AX, BX				     ; AX = attribute +	symbol
    671
    672	038F				     Record_Symbol_Column:
    673
    674	038F  26: 89 05				     MOV ES:[DI], AX
    675	0392  81 C7 00A0			     ADD DI, 160
    676
    677	0396  E2 F7				     LOOP Record_Symbol_Column
    678
    679					     RESTORE_REGS
1   680	0398  9D			     POPF
1   681	0399  1F			     POP DS
1   682	039A  07			     POP ES
1   683	039B  5C			     POP SP
1   684	039C  5D			     POP BP
Turbo Assembler	 Version 4.1	    04/20/26 22:46:56	    Page 13
crackme.asm



1   685	039D  5F			     POP DI
1   686	039E  5E			     POP SI
1   687	039F  5A			     POP DX
1   688	03A0  59			     POP CX
1   689	03A1  5B			     POP BX
1   690	03A2  58			     POP AX
    691
    692	03A3				     Finish_Print_Column:
    693
    694	03A3  C3				     RET
    695
    696
    697
    698
    699
    700
    701
    702
    703
    704
    705
    706
    707				     ;--------------------------------------------------------------------
    708				     ; Print_Line - draws a horizontal line of symbol
    709				     ;
    710				     ; Input:	AL = line (0-24)
    711				     ;		AH = column (0-79)
    712				     ;		BX = word (BH =	attribute, BL =	symbol)
    713				     ;		CX = horizontal	lenght (from 0 to 80-AL)
    714				     ;
    715				     ; Output:	none
    716				     ;--------------------------------------------------------------------
    717
    718	03A4			     Print_Line:
    719
    720	03A4  E3 1E			     JCXZ Finish_Print_Line
    721
    722					     SAVE_REGS
1   723	03A6  50			     PUSH AX
1   724	03A7  53			     PUSH BX
1   725	03A8  51			     PUSH CX
1   726	03A9  52			     PUSH DX
1   727	03AA  56			     PUSH SI
1   728	03AB  57			     PUSH DI
1   729	03AC  55			     PUSH BP
1   730	03AD  54			     PUSH SP
1   731	03AE  06			     PUSH ES
1   732	03AF  1E			     PUSH DS
1   733	03B0  9C			     PUSHF
    734
    735	03B1  E8 0048			     CALL Calculate_Offset
    736	03B4  8B C3			     MOV AX, BX				     ; AX = attribute +	symbol
    737
    738	03B6  FC			     CLD				     ; DF = 0 (right)
    739	03B7  F3> AB			     REP STOSW				     ; AX in ES:[DI] and DI+=2
    740
    741					     RESTORE_REGS
Turbo Assembler	 Version 4.1	    04/20/26 22:46:56	    Page 14
crackme.asm



1   742	03B9  9D			     POPF
1   743	03BA  1F			     POP DS
1   744	03BB  07			     POP ES
1   745	03BC  5C			     POP SP
1   746	03BD  5D			     POP BP
1   747	03BE  5F			     POP DI
1   748	03BF  5E			     POP SI
1   749	03C0  5A			     POP DX
1   750	03C1  59			     POP CX
1   751	03C2  5B			     POP BX
1   752	03C3  58			     POP AX
    753
    754	03C4				     Finish_Print_Line:
    755
    756	03C4  C3				     RET
    757
    758
    759
    760
    761
    762
    763
    764
    765
    766
    767
    768
    769				     ;--------------------------------------------------------------------
    770				     ; Restore_Screen -	restores all saved screen cells	from Array_Values
    771				     ;			and Array_Offsets
    772				     ;
    773				     ; Input:	AL = line (0-24)
    774				     ;		AH = column (0-79)
    775				     ;		BX = word (BH =	attribute, BL =	symbol)
    776				     ;		CX = length line (from 0 to 80-AL)
    777				     ;
    778				     ; Output:	none
    779				     ;--------------------------------------------------------------------
    780
    781	03C5			     Restore_Screen:
    782
    783					 SAVE_REGS
1   784	03C5  50			     PUSH AX
1   785	03C6  53			     PUSH BX
1   786	03C7  51			     PUSH CX
1   787	03C8  52			     PUSH DX
1   788	03C9  56			     PUSH SI
1   789	03CA  57			     PUSH DI
1   790	03CB  55			     PUSH BP
1   791	03CC  54			     PUSH SP
1   792	03CD  06			     PUSH ES
1   793	03CE  1E			     PUSH DS
1   794	03CF  9C			     PUSHF
    795
    796	03D0  2E: 8B 0E	4298r		     MOV CX, CS:Saved_Counter
    797	03D5  E3 19			 JCXZ Finish_Restore_Screen
    798
Turbo Assembler	 Version 4.1	    04/20/26 22:46:56	    Page 15
crackme.asm



    799	03D7  B8 B800			 MOV AX, 0B800h
    800	03DA  8E C0			 MOV ES, AX
    801	03DC  33 F6			     XOR SI, SI
    802
    803	03DE				     Record_Saved_Symbol:
    804
    805	03DE  2E: 8B 9C	0418r			     MOV BX, CS:Array_Offsets[SI]    ; offset
    806	03E3  2E: 8B 84	2358r			     MOV AX, CS:Array_Values[SI]     ; word
    807	03E8  26: 89 07				     MOV ES:[BX], AX
    808	03EB  83 C6 02				     ADD SI, 2
    809
    810	03EE  E2 EE				     LOOP Record_Saved_Symbol
    811
    812	03F0				     Finish_Restore_Screen:
    813
    814						     RESTORE_REGS
1   815	03F0  9D			     POPF
1   816	03F1  1F			     POP DS
1   817	03F2  07			     POP ES
1   818	03F3  5C			     POP SP
1   819	03F4  5D			     POP BP
1   820	03F5  5F			     POP DI
1   821	03F6  5E			     POP SI
1   822	03F7  5A			     POP DX
1   823	03F8  59			     POP CX
1   824	03F9  5B			     POP BX
1   825	03FA  58			     POP AX
    826
    827	03FB  C3				     RET
    828
    829
    830
    831
    832
    833
    834
    835
    836
    837
    838
    839
    840				     ;--------------------------------------------------------------------
    841				     ; Calculate_Offset	- computes byte	offset in video	memory and sets	ES
    842				     ;
    843				     ; Input:	AL = line (0-24)
    844				     ;		AH = column (0-79)
    845				     ;
    846				     ;
    847				     ; Output:	ES = B800
    848				     ;		DI = 80	* line + column
    849				     ;--------------------------------------------------------------------
    850
    851	03FC			     Calculate_Offset:
    852
    853	03FC  50			     PUSH AX
    854	03FD  51			     PUSH CX
    855	03FE  52			     PUSH DX
Turbo Assembler	 Version 4.1	    04/20/26 22:46:56	    Page 16
crackme.asm



    856	03FF  9C			     PUSHF
    857
    858	0400  8A D4			     MOV DL, AH				     ;
    859	0402  32 F6			     XOR DH, DH				     ; DX = 00DL
    860
    861	0404  B1 50			     MOV CL, 80				     ; CL = 80
    862	0406  F6 E1			     MUL CL				     ; AX = AL * CL
    863
    864	0408  03 C2			     ADD AX, DX				     ; AX = 80 * line +	column
    865	040A  D1 E0			     SHL AX, 1				     ; AX *= 2
    866
    867	040C  8B F8			     MOV DI, AX				     ; DI = position
    868
    869	040E  B8 B800			     MOV AX, 0B800h		     ;
    870	0411  8E C0			     MOV ES, AX				     ; ES = B800
    871
    872	0413  9D			     POPF
    873	0414  5A			     POP DX
    874	0415  59			     POP CX
    875	0416  58			     POP AX
    876
    877	0417  C3			     RET
    878
    879
    880
    881
    882
    883
    884
    885
    886
    887
    888	0418			     Data:
    889	0418  0FA0*(0000)		     Array_Offsets dw 4000 dup (0)	     ;
    890	2358  0FA0*(0000)		     Array_Values  dw 4000 dup (0)
    891	4298  0000			     Saved_Counter dw 0
    892
    893	429A  31 32 33 34 35 34	33+	     Correct_Password db '123454321'
    894	      32 31
    895	      =0009			     Len_Correct      equ $ - Correct_Password
    896
    897	42A3  50 61 73 73 77 6F	72+	     Text_1	db 'Password check'
    898	      64 20 63 68 65 63	6B
    899	      =000E			     Len_Text_1	equ $ -	Text_1
    900	42B1  45 6E 74 65 72 20	70+	     Text_2	db 'Enter password please:'
    901	      61 73 73 77 6F 72	64+
    902	      20 70 6C 65 61 73	65+
    903	      3A
    904	      =0016			     Len_Text_2	equ $ -	Text_2
    905	42C7  50 61 73 73 77 6F	72+	     Text_3	db 'Password is	too long, please try again (press Enter)'
    906	      64 20 69 73 20 74	6F+
    907	      6F 20 6C 6F 6E 67	2C+
    908	      20 70 6C 65 61 73	65+
    909	      20 74 72 79 20 61	67+
    910	      61 69 6E 20 28 70	72+
    911	      65 73 73 20 45 6E	74+
    912	      65 72 29
Turbo Assembler	 Version 4.1	    04/20/26 22:46:56	    Page 17
crackme.asm



    913	      =0034			     Len_Text_3	equ $ -	Text_3
    914	42FB  41 63 63 65 73 73	20+	     Text_4	db 'Access granted'
    915	      67 72 61 6E 74 65	64
    916	      =000E			     Len_Text_4	equ $ -	Text_4
    917	4309  41 63 63 65 73 73	20+	     Text_5	db 'Access denied'
    918	      64 65 6E 69 65 64
    919	      =000D			     Len_Text_5	equ $ -	Text_5
    920
    921	4316  42*(00)			     Password_Buffer db	66 dup (0)
    922	4358  0000			     Len_Input	     dw	0
    923
    924
    925
    926
    927				     end Start
Turbo Assembler	 Version 4.1	    04/20/26 22:46:56	    Page 18
Symbol Table




Symbol Name			  Type	 Value

??DATE				  Text	 "04/20/26"
??FILENAME			  Text	 "crackme "
??TIME				  Text	 "22:46:56"
??VERSION			  Number 040A
@32BIT				  Text	 0
@CODE				  Text	 DGROUP
@CODESIZE			  Text	 0
@CPU				  Text	 0101H
@CURSEG				  Text	 _TEXT
@DATA				  Text	 DGROUP
@DATASIZE			  Text	 0
@FILENAME			  Text	 CRACKME
@INTERFACE			  Text	 000H
@MODEL				  Text	 1
@STACK				  Text	 DGROUP
@WORDSIZE			  Text	 2
ARRAY_OFFSETS			  Word	 DGROUP:0418
ARRAY_VALUES			  Word	 DGROUP:2358
CALCULATE_OFFSET		  Near	 DGROUP:03FC
CORRECT_PASSWORD		  Byte	 DGROUP:429A
CORRECT_PASSWORD_USER		  Near	 DGROUP:0151
DATA				  Near	 DGROUP:0418
DELETE				  Near	 DGROUP:01CD
ERROR_LEN			  Near	 DGROUP:01E0
EXPECTATION_1			  Near	 DGROUP:01FC
EXPECTATION_2			  Near	 DGROUP:0184
FINISH_INPUT_PASSWORD		  Near	 DGROUP:022A
FINISH_PRINT_COLUMN		  Near	 DGROUP:03A3
FINISH_PRINT_FRAME		  Near	 DGROUP:037C
FINISH_PRINT_LINE		  Near	 DGROUP:03C4
FINISH_PRINT_RECTANGLE		  Near	 DGROUP:030C
FINISH_RECORD_STRING		  Near	 DGROUP:025C
FINISH_RESTORE_SCREEN		  Near	 DGROUP:03F0
INCORRECT_PASSWORD		  Near	 DGROUP:016C
INPUT_PASSWORD			  Near	 DGROUP:0198
LEN_CORRECT			  Number 0009
LEN_INPUT			  Word	 DGROUP:4358
LEN_TEXT_1			  Number 000E
LEN_TEXT_2			  Number 0016
LEN_TEXT_3			  Number 0034
LEN_TEXT_4			  Number 000E
LEN_TEXT_5			  Number 000D
NOT_PRINT_POINTER		  Near	 DGROUP:01B4
PASSAGE_SYMBOL			  Near	 DGROUP:024B
PASSWORD_BUFFER			  Byte	 DGROUP:4316
PRINT_ANSWER			  Near	 DGROUP:011A
PRINT_COLUMN			  Near	 DGROUP:037D
PRINT_FRAME			  Near	 DGROUP:030D
PRINT_LINE			  Near	 DGROUP:03A4
PRINT_RECTANGLE			  Near	 DGROUP:02B9
PRINT_WINDOW			  Near	 DGROUP:025D
PROCESS_SYMBOL			  Near	 DGROUP:01AB
RECORD_SAVED_SYMBOL		  Near	 DGROUP:03DE
RECORD_STRING			  Near	 DGROUP:023B
Turbo Assembler	 Version 4.1	    04/20/26 22:46:56	    Page 19
Symbol Table



RECORD_SYMBOL_COLUMN		  Near	 DGROUP:038F
REPEAT_NEW_LINE			  Near	 DGROUP:02D0
RESTORE_SCREEN			  Near	 DGROUP:03C5
SAVED_COUNTER			  Word	 DGROUP:4298
SAVED_RECORD_SYMBOL_LINE	  Near	 DGROUP:02D1
START				  Near	 DGROUP:0100
TEXT_1				  Byte	 DGROUP:42A3
TEXT_2				  Byte	 DGROUP:42B1
TEXT_3				  Byte	 DGROUP:42C7
TEXT_4				  Byte	 DGROUP:42FB
TEXT_5				  Byte	 DGROUP:4309
TRY_AGAIN			  Near	 DGROUP:0103

Macro Name

RESTORE_REGS
SAVE_REGS

Groups & Segments		  Bit Size Align  Combine Class

DGROUP				  Group
  _DATA				  16  0000 Word	  Public  DATA
  _TEXT				  16  435A Word	  Public  CODE
